// Jest Snapshot v1, https://goo.gl/fbAQLP

exports[`Tests in CategoryAdd should display the component correctly 1`] = `
<form
  onSubmit={[Function]}
>
  <input
    className="input-categories"
    onChange={[Function]}
    placeholder="Insert one category"
    type="text"
    value=""
  />
</form>
`;
